


ARM Macro Assembler    Page 1 


    1 00000000         ;****************** main.s ***************
    2 00000000         ; Program written by: 
    3 00000000         ; Date Created: 
    4 00000000         ; Last Modified: 
    5 00000000         ; Brief description of the program:
    6 00000000         ; 
    7 00000000         
    8 00000000         
    9 00000000         ; ******************************************************
                       **************
   10 00000000         ; ********************* EQU Label Definitions **********
                       **************
   11 00000000         ; ******************************************************
                       **************
   12 00000000         
   13 00000000         ; Port E Data registers
   14 00000000 400243FC 
                       GPIO_PORTE_DATA_R
                               EQU              0x400243FC  ; to read all bits 
                                                            on Port E
   15 00000000 400240F8 
                       GPIO_PORTE_DATA_INS
                               EQU              0x400240F8  ; read input pins o
                                                            n Port E
   16 00000000 40024004 
                       GPIO_PORTE_DATA_OUT
                               EQU              0x40024004  ; write to output p
                                                            ins on Port E
   17 00000000         
   18 00000000         ; SysTick Timer addresses
   19 00000000 E000E010 
                       NVIC_ST_CTRL_R
                               EQU              0xE000E010  ; SysTick Control a
                                                            nd Status Register 
                                                            (STCTRL)
   20 00000000 E000E014 
                       NVIC_ST_RELOAD_R
                               EQU              0xE000E014  ; SysTick Reload Va
                                                            lue register (STREL
                                                            OAD)
   21 00000000 E000E018 
                       NVIC_ST_CURRENT_R
                               EQU              0xE000E018  ; SysTick Current V
                                                            alue Register (STCU
                                                            RRENT)
   22 00000000         
   23 00000000 0000020B 
                       FREQ_C5 EQU              523         ; C5
   24 00000000 0000024B 
                       FREQ_D5 EQU              587         ; D5
   25 00000000 00000293 
                       FREQ_E5 EQU              659         ; E5
   26 00000000 00000310 
                       FREQ_G5 EQU              784         ; G5
   27 00000000 00000370 
                       FREQ_A5 EQU              880         ; A5
   28 00000000                 THUMB
   29 00000000         
   30 00000000         ; ******************************************************



ARM Macro Assembler    Page 2 


                       ***************
   31 00000000         ; ************************* ROM CONSTANTS AREA *********
                       ***************
   32 00000000         ; ******************************************************
                       ***************
   33 00000000         ; Constants and code area starts at address 0x0000.0000
   34 00000000                 AREA             MyConstants, DATA, READONLY, AL
IGN=2 
                                                            ; Flash EEPROM
   35 00000000         
   36 00000000         
   37 00000000                 ALIGN
   38 00000000         
   39 00000000         
   40 00000000         ; ******************************************************
                       ***************
   41 00000000         ; ************************* RAM VARIABLES AREA *********
                       ***************
   42 00000000         ; ******************************************************
                       ***************
   43 00000000         ; SRAM variables area starts at address 0x2000.0000
   44 00000000                 AREA             MyVariables, DATA, READWRITE, A
LIGN=2 
                                                            ; SRAM
   45 00000000         
   46 00000000                 ALIGN
   47 00000000         
   48 00000000         
   49 00000000         ; ******************************************************
                       ***************
   50 00000000         ; *************************** CODE AREA IN ROM *********
                       ***************
   51 00000000         ; ******************************************************
                       ***************
   52 00000000                 AREA             |.text|, CODE, READONLY, ALIGN=
2 
                                                            ; Flash ROM
   53 00000000         
   54 00000000                 ALIGN
   55 00000000         
   56 00000000                 EXPORT           Start
   57 00000000         
   58 00000000         Start
   59 00000000         
   60 00000000         
   61 00000000         Prog_Init
   62 00000000         
   63 00000000         ; Configure 80 MHz Clock System (uncomment next two line
                       s if you want 80MHz clock)
   64 00000000         ; IMPORT SysClock80MHz_Config
   65 00000000         ; BL  SysClock80MHz_Config
   66 00000000 BF00            NOP
   67 00000002         ; Configure Port E
   68 00000002                 IMPORT           PortE_Config
   69 00000002 F7FF FFFE       BL               PortE_Config
   70 00000006 BF00            NOP
   71 00000008         ; Configure SysTick Timer
   72 00000008                 IMPORT           SysTick_Config
   73 00000008 F7FF FFFE       BL               SysTick_Config



ARM Macro Assembler    Page 3 


   74 0000000C BF00            NOP
   75 0000000E         
   76 0000000E         
   77 0000000E         ; ******************************************************
                       ************
   78 0000000E         ; ********************** MAIN PROGRAM ******************
                       ************
   79 0000000E         ; ******************************************************
                       ************
   80 0000000E         ; f = 16MHz --> T = 62.5 ns
   81 0000000E         ; f = 80MHz --> T = 12.5 ns
   82 0000000E         
   83 0000000E         Main_Loop
   84 0000000E 4932            LDR              R1,=GPIO_PORTE_DATA_R
   85 00000010 F8D1 9000       LDR              R9,[R1]
   86 00000014 F1B9 0F02       CMP              R9,#0x02
   87 00000018 D104            BNE              Check_2
   88 0000001A         
   89 0000001A         ; Button 1 is Pressed
   90 0000001A F240 2A0B       MOV              R10, #FREQ_C5
   91 0000001E F000 F828       BL               Generate_Tone
   92 00000022 E7F4            B                Main_Loop
   93 00000024         Check_2
   94 00000024 F1B9 0F04       CMP              R9,#0x04
   95 00000028 D104            BNE              Check_3
   96 0000002A         
   97 0000002A         ; Button 2 is Pressed
   98 0000002A F240 2A4B       MOV              R10, #FREQ_D5
   99 0000002E F000 F820       BL               Generate_Tone
  100 00000032 E7EC            B                Main_Loop
  101 00000034         Check_3
  102 00000034 F1B9 0F08       CMP              R9,#0x08
  103 00000038 D104            BNE              Check_4
  104 0000003A         
  105 0000003A         ;Button 3 is Pressed
  106 0000003A F240 2A93       MOV              R10, #FREQ_E5
  107 0000003E F000 F818       BL               Generate_Tone
  108 00000042 E7E4            B                Main_Loop
  109 00000044         Check_4
  110 00000044 F1B9 0F10       CMP              R9,#0x10
  111 00000048 D104            BNE              Check_5
  112 0000004A         
  113 0000004A         ;Button 4 is Pressed
  114 0000004A F44F 7A44       MOV              R10, #FREQ_G5
  115 0000004E F000 F810       BL               Generate_Tone
  116 00000052 E7DC            B                Main_Loop
  117 00000054         Check_5
  118 00000054 F1B9 0F20       CMP              R9,#0x20
  119 00000058 D104            BNE              Not_Pressed
  120 0000005A         
  121 0000005A         ;Button 5 is Pressed
  122 0000005A F44F 7A5C       MOV              R10, #FREQ_A5
  123 0000005E F000 F808       BL               Generate_Tone
  124 00000062 E7D4            B                Main_Loop
  125 00000064         Not_Pressed
  126 00000064 F04F 0900       MOV              R9,#0
  127 00000068 4A1B            LDR              R2, =GPIO_PORTE_DATA_R
  128 0000006A 6813            LDR              R3, [R2]
  129 0000006C F023 0301       BIC              R3, R3, #0x01



ARM Macro Assembler    Page 4 


  130 00000070 E7CD            B                Main_Loop
  131 00000072         
  132 00000072         
  133 00000072         
  134 00000072         Generate_Tone
  135 00000072 F643 0880 
              F2C0 0801        MOV32            R8, #80000
  136 0000007A FBB8 F8F9       UDIV             R8, R8, R9
  137 0000007E         Tone_Loop
  138 0000007E         ; Turn on PE0 (buzzer)
  139 0000007E 4A16            LDR              R2, =GPIO_PORTE_DATA_R
  140 00000080 6813            LDR              R3, [R2]
  141 00000082 F083 0301       EOR              R3, R3, #0x01
  142 00000086 6013            STR              R3, [R2]
  143 00000088         
  144 00000088 4640            MOV              R0,R8
  145 0000008A F000 F80D       BL               SysTick_Wait
  146 0000008E         
  147 0000008E 4A12            LDR              R2, =GPIO_PORTE_DATA_R
  148 00000090 6813            LDR              R3, [R2]
  149 00000092 F003 033F       AND              R3, R3, #0x3F
  150 00000096 2B00            CMP              R3, #0x0
  151 00000098 D000            BEQ              Stop_Tone
  152 0000009A         
  153 0000009A E7F0            B                Tone_Loop
  154 0000009C         
  155 0000009C         Stop_Tone
  156 0000009C 6813            LDR              R3, [R2]
  157 0000009E F023 0301       BIC              R3, R3, #0x01
  158 000000A2 6013            STR              R3, [R2]
  159 000000A4 E7B3            B                Main_Loop
  160 000000A6 BF00            NOP
  161 000000A8         
  162 000000A8         
  163 000000A8         ;************************ SUBROUTINES ******************
                       ***********
  164 000000A8         ;*******************************************************
                       ***********
  165 000000A8         
  166 000000A8         SysTick_Wait
  167 000000A8         ; load counter with desired number of ticks
  168 000000A8 490C            LDR              R1, =NVIC_ST_RELOAD_R ; R1 = &N
                                                            VIC_ST_RELOAD_R
  169 000000AA         
  170 000000AA         ; counter ticks N + 1 times so need to subtract 1
  171 000000AA F1A0 0001       SUB              R0, #1
  172 000000AE 6008            STR              R0, [R1]
  173 000000B0         
  174 000000B0         ; reset count bit
  175 000000B0 490B            LDR              R1, =NVIC_ST_CURRENT_R
  176 000000B2 6009            STR              R1, [R1]
  177 000000B4         
  178 000000B4         ; get address of register that has COUNT bit
  179 000000B4 490B            LDR              R1, =NVIC_ST_CTRL_R ; R1 = & NV
                                                            IC_ST_CTRL_R
  180 000000B6         
  181 000000B6         
  182 000000B6         SysTick_Wait_loop
  183 000000B6 680B            LDR              R3, [R1]



ARM Macro Assembler    Page 5 


  184 000000B8 F413 3380       ANDS             R3, R3, #0x00010000 ; COUNT bit
                                                             is bit 16
  185 000000BC D0FB            BEQ              SysTick_Wait_loop ; if COUNT ==
                                                             0, the counter has
                                                             not hit zero, so k
                                                            eep waiting
  186 000000BE 4770            BX               LR
  187 000000C0         
  188 000000C0         
  189 000000C0         ; ******************** SysTick Wait 10ms ***************
                       ***** 
  190 000000C0         ; Time delay using busy wait. This assumes 80MHz clock
  191 000000C0         ; Input: R0 --> # of times to wait 10 ms before returnin
                       g
  192 000000C0         ; Output: none
  193 000000C0         ; Modifies: R0, R4
  194 000000C0         ; Function Calls: YES
  195 000000C0         
  196 000000C0 000C3500 
                       DELAY10MS
                               EQU              800000      ; 800,000 ticks of 
                                                            80MHz clock = 10ms
  197 000000C0         
  198 000000C0         SysTick_Wait10ms
  199 000000C0 B510            PUSH             {R4, LR}    ; save current valu
                                                            e of R4 and LR
  200 000000C2 0004            MOVS             R4, R0      ; R4 = R0 = remaini
                                                            ngWaits
  201 000000C4 D004            BEQ              SysTick_Wait10ms_done 
                                                            ; R4 == 0, done
  202 000000C6         SysTick_Wait10ms_loop
  203 000000C6 4808            LDR              R0, =DELAY10MS ; R0 = DELAY10MS
                                                            
  204 000000C8 F7FF FFEE       BL               SysTick_Wait ; expects R0 to ho
                                                            ld # of ticks to ti
                                                            me
  205 000000CC 1E64            SUBS             R4, R4, #1  ; R4 = R4 -1; remai
                                                            ning10msWaits--
  206 000000CE D8FA            BHI              SysTick_Wait10ms_loop ; if (R4 
                                                            > 0), wait another 
                                                            10ms
  207 000000D0         SysTick_Wait10ms_done
  208 000000D0 E8BD 4010       POP              {R4, LR}
  209 000000D4 4770            BX               LR
  210 000000D6         
  211 000000D6         
  212 000000D6         ;*********************** END SUBROUTINES ***************
                       ***********
  213 000000D6         
  214 000000D6 00 00           ALIGN                        ; make sure the end
                                                             of this section is
                                                             aligned
  215 000000D8                 END                          ; end of file
              400243FC 
              E000E014 
              E000E018 
              E000E010 
              000C3500 
Command Line: --debug --xref --diag_suppress=9931,A1950W --cpu=Cortex-M4 --fpu=



ARM Macro Assembler    Page 6 


SoftVFP --depend=.\main.d -o.\main.o -I.\RTE\_Lab3 -IC:\Keil_v5\ARM\Packs\ARM\C
MSIS\6.1.0\CMSIS\Core\Include -IC:\Keil_v5\ARM\Packs\Keil\TM4C_DFP\1.1.0\Device
\Include\TM4C123 --predefine="__EVAL SETA 1" --predefine="__UVISION_VERSION SET
A 540" --predefine="TM4C123GH6PM SETA 1" --predefine="_RTE_ SETA 1" --list=.\ma
in.lst main.s



ARM Macro Assembler    Page 1 Alphabetic symbol ordering
Relocatable symbols

MyConstants 00000000

Symbol: MyConstants
   Definitions
      At line 34 in file main.s
   Uses
      None
Comment: MyConstants unused
1 symbol



ARM Macro Assembler    Page 1 Alphabetic symbol ordering
Relocatable symbols

MyVariables 00000000

Symbol: MyVariables
   Definitions
      At line 44 in file main.s
   Uses
      None
Comment: MyVariables unused
1 symbol



ARM Macro Assembler    Page 1 Alphabetic symbol ordering
Relocatable symbols

.text 00000000

Symbol: .text
   Definitions
      At line 52 in file main.s
   Uses
      None
Comment: .text unused
Check_2 00000024

Symbol: Check_2
   Definitions
      At line 93 in file main.s
   Uses
      At line 87 in file main.s
Comment: Check_2 used once
Check_3 00000034

Symbol: Check_3
   Definitions
      At line 101 in file main.s
   Uses
      At line 95 in file main.s
Comment: Check_3 used once
Check_4 00000044

Symbol: Check_4
   Definitions
      At line 109 in file main.s
   Uses
      At line 103 in file main.s
Comment: Check_4 used once
Check_5 00000054

Symbol: Check_5
   Definitions
      At line 117 in file main.s
   Uses
      At line 111 in file main.s
Comment: Check_5 used once
Generate_Tone 00000072

Symbol: Generate_Tone
   Definitions
      At line 134 in file main.s
   Uses
      At line 91 in file main.s
      At line 99 in file main.s
      At line 107 in file main.s
      At line 115 in file main.s
      At line 123 in file main.s

Main_Loop 0000000E

Symbol: Main_Loop
   Definitions
      At line 83 in file main.s
   Uses
      At line 92 in file main.s



ARM Macro Assembler    Page 2 Alphabetic symbol ordering
Relocatable symbols

      At line 100 in file main.s
      At line 108 in file main.s
      At line 116 in file main.s
      At line 124 in file main.s
      At line 130 in file main.s
      At line 159 in file main.s

Not_Pressed 00000064

Symbol: Not_Pressed
   Definitions
      At line 125 in file main.s
   Uses
      At line 119 in file main.s
Comment: Not_Pressed used once
Prog_Init 00000000

Symbol: Prog_Init
   Definitions
      At line 61 in file main.s
   Uses
      None
Comment: Prog_Init unused
Start 00000000

Symbol: Start
   Definitions
      At line 58 in file main.s
   Uses
      At line 56 in file main.s
Comment: Start used once
Stop_Tone 0000009C

Symbol: Stop_Tone
   Definitions
      At line 155 in file main.s
   Uses
      At line 151 in file main.s
Comment: Stop_Tone used once
SysTick_Wait 000000A8

Symbol: SysTick_Wait
   Definitions
      At line 166 in file main.s
   Uses
      At line 145 in file main.s
      At line 204 in file main.s

SysTick_Wait10ms 000000C0

Symbol: SysTick_Wait10ms
   Definitions
      At line 198 in file main.s
   Uses
      None
Comment: SysTick_Wait10ms unused
SysTick_Wait10ms_done 000000D0

Symbol: SysTick_Wait10ms_done



ARM Macro Assembler    Page 3 Alphabetic symbol ordering
Relocatable symbols

   Definitions
      At line 207 in file main.s
   Uses
      At line 201 in file main.s
Comment: SysTick_Wait10ms_done used once
SysTick_Wait10ms_loop 000000C6

Symbol: SysTick_Wait10ms_loop
   Definitions
      At line 202 in file main.s
   Uses
      At line 206 in file main.s
Comment: SysTick_Wait10ms_loop used once
SysTick_Wait_loop 000000B6

Symbol: SysTick_Wait_loop
   Definitions
      At line 182 in file main.s
   Uses
      At line 185 in file main.s
Comment: SysTick_Wait_loop used once
Tone_Loop 0000007E

Symbol: Tone_Loop
   Definitions
      At line 137 in file main.s
   Uses
      At line 153 in file main.s
Comment: Tone_Loop used once
17 symbols



ARM Macro Assembler    Page 1 Alphabetic symbol ordering
Absolute symbols

DELAY10MS 000C3500

Symbol: DELAY10MS
   Definitions
      At line 196 in file main.s
   Uses
      At line 203 in file main.s
Comment: DELAY10MS used once
FREQ_A5 00000370

Symbol: FREQ_A5
   Definitions
      At line 27 in file main.s
   Uses
      At line 122 in file main.s
Comment: FREQ_A5 used once
FREQ_C5 0000020B

Symbol: FREQ_C5
   Definitions
      At line 23 in file main.s
   Uses
      At line 90 in file main.s
Comment: FREQ_C5 used once
FREQ_D5 0000024B

Symbol: FREQ_D5
   Definitions
      At line 24 in file main.s
   Uses
      At line 98 in file main.s
Comment: FREQ_D5 used once
FREQ_E5 00000293

Symbol: FREQ_E5
   Definitions
      At line 25 in file main.s
   Uses
      At line 106 in file main.s
Comment: FREQ_E5 used once
FREQ_G5 00000310

Symbol: FREQ_G5
   Definitions
      At line 26 in file main.s
   Uses
      At line 114 in file main.s
Comment: FREQ_G5 used once
GPIO_PORTE_DATA_INS 400240F8

Symbol: GPIO_PORTE_DATA_INS
   Definitions
      At line 15 in file main.s
   Uses
      None
Comment: GPIO_PORTE_DATA_INS unused
GPIO_PORTE_DATA_OUT 40024004

Symbol: GPIO_PORTE_DATA_OUT



ARM Macro Assembler    Page 2 Alphabetic symbol ordering
Absolute symbols

   Definitions
      At line 16 in file main.s
   Uses
      None
Comment: GPIO_PORTE_DATA_OUT unused
GPIO_PORTE_DATA_R 400243FC

Symbol: GPIO_PORTE_DATA_R
   Definitions
      At line 14 in file main.s
   Uses
      At line 84 in file main.s
      At line 127 in file main.s
      At line 139 in file main.s
      At line 147 in file main.s

NVIC_ST_CTRL_R E000E010

Symbol: NVIC_ST_CTRL_R
   Definitions
      At line 19 in file main.s
   Uses
      At line 179 in file main.s
Comment: NVIC_ST_CTRL_R used once
NVIC_ST_CURRENT_R E000E018

Symbol: NVIC_ST_CURRENT_R
   Definitions
      At line 21 in file main.s
   Uses
      At line 175 in file main.s
Comment: NVIC_ST_CURRENT_R used once
NVIC_ST_RELOAD_R E000E014

Symbol: NVIC_ST_RELOAD_R
   Definitions
      At line 20 in file main.s
   Uses
      At line 168 in file main.s
Comment: NVIC_ST_RELOAD_R used once
12 symbols



ARM Macro Assembler    Page 1 Alphabetic symbol ordering
External symbols

PortE_Config 00000000

Symbol: PortE_Config
   Definitions
      At line 68 in file main.s
   Uses
      At line 69 in file main.s
Comment: PortE_Config used once
SysTick_Config 00000000

Symbol: SysTick_Config
   Definitions
      At line 72 in file main.s
   Uses
      At line 73 in file main.s
Comment: SysTick_Config used once
2 symbols
369 symbols in table
